stm32l4xx_hal.c:152:19:HAL_Init	16	static
stm32l4xx_hal.c:196:19:HAL_DeInit	8	static
stm32l4xx_hal.c:225:13:HAL_MspInit	4	static
stm32l4xx_hal.c:236:13:HAL_MspDeInit	4	static
stm32l4xx_hal.c:259:26:HAL_InitTick	24	static
stm32l4xx_hal.c:326:13:HAL_IncTick	4	static
stm32l4xx_hal.c:337:17:HAL_GetTick	4	static
stm32l4xx_hal.c:346:10:HAL_GetTickPrio	4	static
stm32l4xx_hal.c:356:19:HAL_SetTickFreq	24	static
stm32l4xx_hal.c:378:10:HAL_GetTickFreq	4	static
stm32l4xx_hal.c:394:13:HAL_Delay	24	static
stm32l4xx_hal.c:420:13:HAL_SuspendTick	4	static
stm32l4xx_hal.c:436:13:HAL_ResumeTick	4	static
stm32l4xx_hal.c:446:10:HAL_GetHalVersion	4	static
stm32l4xx_hal.c:455:10:HAL_GetREVID	4	static
stm32l4xx_hal.c:464:10:HAL_GetDEVID	4	static
stm32l4xx_hal.c:473:10:HAL_GetUIDw0	4	static
stm32l4xx_hal.c:482:10:HAL_GetUIDw1	4	static
stm32l4xx_hal.c:491:10:HAL_GetUIDw2	4	static
stm32l4xx_hal.c:520:6:HAL_DBGMCU_EnableDBGSleepMode	4	static
stm32l4xx_hal.c:529:6:HAL_DBGMCU_DisableDBGSleepMode	4	static
stm32l4xx_hal.c:538:6:HAL_DBGMCU_EnableDBGStopMode	4	static
stm32l4xx_hal.c:547:6:HAL_DBGMCU_DisableDBGStopMode	4	static
stm32l4xx_hal.c:556:6:HAL_DBGMCU_EnableDBGStandbyMode	4	static
stm32l4xx_hal.c:565:6:HAL_DBGMCU_DisableDBGStandbyMode	4	static
stm32l4xx_hal.c:598:6:HAL_SYSCFG_SRAM2Erase	4	static
stm32l4xx_hal.c:617:6:HAL_SYSCFG_EnableMemorySwappingBank	4	static
stm32l4xx_hal.c:632:6:HAL_SYSCFG_DisableMemorySwappingBank	4	static
stm32l4xx_hal.c:649:6:HAL_SYSCFG_VREFBUF_VoltageScalingConfig	16	static
stm32l4xx_hal.c:665:6:HAL_SYSCFG_VREFBUF_HighImpedanceConfig	16	static
stm32l4xx_hal.c:677:6:HAL_SYSCFG_VREFBUF_TrimmingConfig	16	static
stm32l4xx_hal.c:689:19:HAL_SYSCFG_EnableVREFBUF	16	static
stm32l4xx_hal.c:715:6:HAL_SYSCFG_DisableVREFBUF	4	static
stm32l4xx_hal.c:726:6:HAL_SYSCFG_EnableIOAnalogSwitchBooster	4	static
stm32l4xx_hal.c:736:6:HAL_SYSCFG_DisableIOAnalogSwitchBooster	4	static
