stm32l4xx_ll_adc.h:2440:22:LL_ADC_SetCommonClock	16	static
stm32l4xx_ll_adc.h:2504:22:LL_ADC_SetCommonPathInternalCh	16	static
stm32l4xx_ll_adc.h:2585:26:LL_ADC_GetCommonPathInternalCh	16	static
stm32l4xx_ll_adc.h:2916:22:LL_ADC_SetOffset	24	static
stm32l4xx_ll_adc.h:2995:26:LL_ADC_GetOffsetChannel	16	static
stm32l4xx_ll_adc.h:3054:22:LL_ADC_SetOffsetState	24	static
stm32l4xx_ll_adc.h:3102:22:LL_ADC_SetSamplingTimeCommonConfig	16	static
stm32l4xx_ll_adc.h:3235:26:LL_ADC_REG_IsTriggerSourceSWStart	16	static
stm32l4xx_ll_adc.h:3537:22:LL_ADC_REG_SetSequencerRanks	24	static
stm32l4xx_ll_adc.h:3961:26:LL_ADC_INJ_IsTriggerSourceSWStart	16	static
stm32l4xx_ll_adc.h:4703:22:LL_ADC_SetChannelSamplingTime	24	static
stm32l4xx_ll_adc.h:4857:22:LL_ADC_SetChannelSingleDiff	24	static
stm32l4xx_ll_adc.h:5064:22:LL_ADC_SetAnalogWDMonitChannels	24	static
stm32l4xx_ll_adc.h:5308:22:LL_ADC_ConfigAnalogWDThresholds	24	static
stm32l4xx_ll_adc.h:5678:26:LL_ADC_GetMultimode	16	static
stm32l4xx_ll_adc.h:5775:26:LL_ADC_GetMultiDMATransfer	16	static
stm32l4xx_ll_adc.h:5910:22:LL_ADC_DisableDeepPowerDown	16	static
stm32l4xx_ll_adc.h:5924:26:LL_ADC_IsDeepPowerDownEnabled	16	static
stm32l4xx_ll_adc.h:5943:22:LL_ADC_EnableInternalRegulator	16	static
stm32l4xx_ll_adc.h:5973:26:LL_ADC_IsInternalRegulatorEnabled	16	static
stm32l4xx_ll_adc.h:5994:22:LL_ADC_Enable	16	static
stm32l4xx_ll_adc.h:6014:22:LL_ADC_Disable	16	static
stm32l4xx_ll_adc.h:6033:26:LL_ADC_IsEnabled	16	static
stm32l4xx_ll_adc.h:6044:26:LL_ADC_IsDisableOngoing	16	static
stm32l4xx_ll_adc.h:6119:22:LL_ADC_REG_StartConversion	16	static
stm32l4xx_ll_adc.h:6139:22:LL_ADC_REG_StopConversion	16	static
stm32l4xx_ll_adc.h:6155:26:LL_ADC_REG_IsConversionOngoing	16	static
stm32l4xx_ll_adc.h:6322:22:LL_ADC_INJ_StopConversion	16	static
stm32l4xx_ll_adc.h:6338:26:LL_ADC_INJ_IsConversionOngoing	16	static
stm32l4xx_ll_adc.h:6717:22:LL_ADC_ClearFlag_AWD1	16	static
stm32l4xx_ll_adc.h:6728:22:LL_ADC_ClearFlag_AWD2	16	static
stm32l4xx_ll_adc.h:6739:22:LL_ADC_ClearFlag_AWD3	16	static
stm32l4xx_ll_adc.h:7112:22:LL_ADC_EnableIT_AWD1	16	static
stm32l4xx_ll_adc.h:7123:22:LL_ADC_EnableIT_AWD2	16	static
stm32l4xx_ll_adc.h:7134:22:LL_ADC_EnableIT_AWD3	16	static
stm32l4xx_ll_adc.h:7233:22:LL_ADC_DisableIT_AWD1	16	static
stm32l4xx_ll_adc.h:7244:22:LL_ADC_DisableIT_AWD2	16	static
stm32l4xx_ll_adc.h:7255:22:LL_ADC_DisableIT_AWD3	16	static
stm32l4xx_hal_adc.c:402:19:HAL_ADC_Init	48	static
stm32l4xx_hal_adc.c:707:19:HAL_ADC_DeInit	32	static
stm32l4xx_hal_adc.c:909:13:HAL_ADC_MspInit	16	static
stm32l4xx_hal_adc.c:926:13:HAL_ADC_MspDeInit	16	static
stm32l4xx_hal_adc.c:1215:19:HAL_ADC_Start	32	static
stm32l4xx_hal_adc.c:1350:19:HAL_ADC_Stop	24	static
stm32l4xx_hal_adc.c:1404:19:HAL_ADC_PollForConversion	40	static
stm32l4xx_hal_adc.c:1583:19:HAL_ADC_PollForEvent	32	static
stm32l4xx_hal_adc.c:1728:19:HAL_ADC_Start_IT	32	static
stm32l4xx_hal_adc.c:1935:19:HAL_ADC_Stop_IT	24	static
stm32l4xx_hal_adc.c:1988:19:HAL_ADC_Start_DMA	32	static
stm32l4xx_hal_adc.c:2129:19:HAL_ADC_Stop_DMA	24	static
stm32l4xx_hal_adc.c:2214:10:HAL_ADC_GetValue	16	static
stm32l4xx_hal_adc.c:2231:6:HAL_ADC_IRQHandler	48	static
stm32l4xx_hal_adc.c:2601:13:HAL_ADC_ConvCpltCallback	16	static
stm32l4xx_hal_adc.c:2616:13:HAL_ADC_ConvHalfCpltCallback	16	static
stm32l4xx_hal_adc.c:2631:13:HAL_ADC_LevelOutOfWindowCallback	16	static
stm32l4xx_hal_adc.c:2653:13:HAL_ADC_ErrorCallback	16	static
stm32l4xx_hal_adc.c:2699:19:HAL_ADC_ConfigChannel	160	static,ignoring_inline_asm
stm32l4xx_hal_adc.c:2941:19:HAL_ADC_AnalogWDGConfig	56	static,ignoring_inline_asm
stm32l4xx_hal_adc.c:3193:10:HAL_ADC_GetState	16	static
stm32l4xx_hal_adc.c:3207:10:HAL_ADC_GetError	16	static
stm32l4xx_hal_adc.c:3237:19:ADC_ConversionStop	40	static
stm32l4xx_hal_adc.c:3367:19:ADC_Enable	24	static
stm32l4xx_hal_adc.c:3434:19:ADC_Disable	24	static
stm32l4xx_hal_adc.c:3492:6:ADC_DMAConvCplt	24	static
stm32l4xx_hal_adc.c:3570:6:ADC_DMAHalfConvCplt	24	static
stm32l4xx_hal_adc.c:3588:6:ADC_DMAError	24	static
