stm32l4xx_hal_uart.c:308:19:HAL_UART_Init	16	static
stm32l4xx_hal_uart.c:381:19:HAL_HalfDuplex_Init	16	static
stm32l4xx_hal_uart.c:454:19:HAL_LIN_Init	16	static
stm32l4xx_hal_uart.c:551:19:HAL_MultiProcessor_Init	24	static
stm32l4xx_hal_uart.c:625:19:HAL_UART_DeInit	16	static
stm32l4xx_hal_uart.c:670:13:HAL_UART_MspInit	16	static
stm32l4xx_hal_uart.c:685:13:HAL_UART_MspDeInit	16	static
stm32l4xx_hal_uart.c:1048:19:HAL_UART_Transmit	48	static
stm32l4xx_hal_uart.c:1137:19:HAL_UART_Receive	48	static
stm32l4xx_hal_uart.c:1222:19:HAL_UART_Transmit_IT	24	static
stm32l4xx_hal_uart.c:1313:19:HAL_UART_Receive_IT	24	static
stm32l4xx_hal_uart.c:1411:19:HAL_UART_Transmit_DMA	24	static
stm32l4xx_hal_uart.c:1487:19:HAL_UART_Receive_DMA	24	static
stm32l4xx_hal_uart.c:1558:19:HAL_UART_DMAPause	24	static
stm32l4xx_hal_uart.c:1592:19:HAL_UART_DMAResume	16	static
stm32l4xx_hal_uart.c:1624:19:HAL_UART_DMAStop	24	static
stm32l4xx_hal_uart.c:1699:19:HAL_UART_Abort	16	static
stm32l4xx_hal_uart.c:1800:19:HAL_UART_AbortTransmit	16	static
stm32l4xx_hal_uart.c:1865:19:HAL_UART_AbortReceive	16	static
stm32l4xx_hal_uart.c:1931:19:HAL_UART_Abort_IT	24	static
stm32l4xx_hal_uart.c:2082:19:HAL_UART_AbortTransmit_IT	16	static
stm32l4xx_hal_uart.c:2178:19:HAL_UART_AbortReceive_IT	16	static
stm32l4xx_hal_uart.c:2267:6:HAL_UART_IRQHandler	40	static
stm32l4xx_hal_uart.c:2528:13:HAL_UART_TxCpltCallback	16	static
stm32l4xx_hal_uart.c:2543:13:HAL_UART_TxHalfCpltCallback	16	static
stm32l4xx_hal_uart.c:2558:13:HAL_UART_RxCpltCallback	16	static
stm32l4xx_hal_uart.c:2573:13:HAL_UART_RxHalfCpltCallback	16	static
stm32l4xx_hal_uart.c:2588:13:HAL_UART_ErrorCallback	16	static
stm32l4xx_hal_uart.c:2603:13:HAL_UART_AbortCpltCallback	16	static
stm32l4xx_hal_uart.c:2618:13:HAL_UART_AbortTransmitCpltCallback	16	static
stm32l4xx_hal_uart.c:2633:13:HAL_UART_AbortReceiveCpltCallback	16	static
stm32l4xx_hal_uart.c:2680:6:HAL_UART_ReceiverTimeout_Config	16	static
stm32l4xx_hal_uart.c:2695:19:HAL_UART_EnableReceiverTimeout	16	static
stm32l4xx_hal_uart.c:2733:19:HAL_UART_DisableReceiverTimeout	16	static
stm32l4xx_hal_uart.c:2771:19:HAL_MultiProcessor_EnableMuteMode	16	static
stm32l4xx_hal_uart.c:2791:19:HAL_MultiProcessor_DisableMuteMode	16	static
stm32l4xx_hal_uart.c:2811:6:HAL_MultiProcessor_EnterMuteMode	16	static
stm32l4xx_hal_uart.c:2821:19:HAL_HalfDuplex_EnableTransmitter	16	static
stm32l4xx_hal_uart.c:2844:19:HAL_HalfDuplex_EnableReceiver	16	static
stm32l4xx_hal_uart.c:2868:19:HAL_LIN_SendBreak	16	static
stm32l4xx_hal_uart.c:2913:23:HAL_UART_GetState	24	static
stm32l4xx_hal_uart.c:2929:10:HAL_UART_GetError	16	static
stm32l4xx_hal_uart.c:2976:19:UART_SetConfig	56	static
stm32l4xx_hal_uart.c:3284:6:UART_AdvFeatureConfig	16	static
stm32l4xx_hal_uart.c:3358:19:UART_CheckIdleState	32	static
stm32l4xx_hal_uart.c:3408:19:UART_WaitOnFlagUntilTimeout	24	static
stm32l4xx_hal_uart.c:3471:13:UART_EndTxTransfer	16	static
stm32l4xx_hal_uart.c:3492:13:UART_EndRxTransfer	16	static
stm32l4xx_hal_uart.c:3516:13:UART_DMATransmitCplt	24	static
stm32l4xx_hal_uart.c:3550:13:UART_DMATxHalfCplt	24	static
stm32l4xx_hal_uart.c:3568:13:UART_DMAReceiveCplt	24	static
stm32l4xx_hal_uart.c:3603:13:UART_DMARxHalfCplt	24	static
stm32l4xx_hal_uart.c:3621:13:UART_DMAError	32	static
stm32l4xx_hal_uart.c:3661:13:UART_DMAAbortOnError	24	static
stm32l4xx_hal_uart.c:3684:13:UART_DMATxAbortCallback	24	static
stm32l4xx_hal_uart.c:3740:13:UART_DMARxAbortCallback	24	static
stm32l4xx_hal_uart.c:3791:13:UART_DMATxOnlyAbortCallback	24	static
stm32l4xx_hal_uart.c:3826:13:UART_DMARxOnlyAbortCallback	24	static
stm32l4xx_hal_uart.c:3858:13:UART_TxISR_8BIT	16	static
stm32l4xx_hal_uart.c:3891:13:UART_TxISR_16BIT	24	static
stm32l4xx_hal_uart.c:4010:13:UART_EndTransmit_IT	16	static
stm32l4xx_hal_uart.c:4035:13:UART_RxISR_8BIT	24	static
stm32l4xx_hal_uart.c:4089:13:UART_RxISR_16BIT	24	static
