main.c:100:5:main	8	static
main.c:166:6:SystemClock_Config	264	static
main.c:248:13:MX_ADC1_Init	48	static
main.c:313:13:MX_CAN1_Init	8	static
main.c:350:13:MX_CAN2_Init	8	static
main.c:387:13:MX_I2C2_Init	8	static
main.c:433:13:MX_I2C3_Init	8	static
main.c:479:13:MX_I2C4_Init	8	static
main.c:525:13:MX_QUADSPI_Init	8	static
main.c:560:13:MX_SPI1_Init	8	static
main.c:600:13:MX_SPI2_Init	8	static
main.c:640:13:MX_SPI3_Init	8	static
main.c:680:13:MX_UART4_Init	8	static
main.c:715:13:MX_UART5_Init	8	static
main.c:750:13:MX_USART1_UART_Init	8	static
main.c:785:13:MX_USART2_UART_Init	8	static
main.c:820:13:MX_USART3_UART_Init	8	static
main.c:855:13:MX_GPIO_Init	64	static
main.c:1014:6:Error_Handler	4	static
